The field "cli.appVersionSource" is not set, but it will be required in the future. Learn more: https://docs.expo.dev/build-reference/app-versions/
Resolved "production" environment for the build. Learn more: https://docs.expo.dev/eas/environment-variables/#setting-the-environment-for-your-builds
No environment variables with visibility "Plain text" and "Sensitive" found for the "production" environment on EAS.
Environment variables loaded from the "production" build profile "env" configuration: NODE_ENV.

You set NODE_ENV=production in the build profile or environment variables. Remember that it will be available during the entire build process. In particular, it will make yarn/npm install only production packages.

The field "cli.appVersionSource" is not set, but it will be required in the future. Learn more: https://docs.expo.dev/build-reference/app-versions/
✔ Using remote Android credentials (Expo server)
✔ Using Keystore from configuration: Build Credentials pICaVKPmIF (default)

Compressing project files and uploading to EAS Build. Learn more: https://expo.fyi/eas-build-archive
- Compressing project files
Failed to upload the project tarball to EAS Build

Reason: Detected inconsistent filename casing between your local filesystem and git.
This will likely cause your job to fail. Impacted files:
?? "Library/Containers/com.apple.Safari/Data/Library/Caches/com.apple.Safari/WebKitCache/Version 17/Blobs/8AD02AD557330B566685CE583E703CDBB6F23FC2"
?? "Library/Containers/com.apple.Safari/Data/Library/Caches/com.apple.Safari/WebKitCache/Version 17/Records/7333EDB948684FA7C50F9894ED5F21A0F9234708/Resource/1C058206CFE476D117B6C15BEC045C590809FA24"
?? "Library/Containers/com.apple.Safari/Data/Library/Caches/com.apple.Safari/WebKitCache/Version 17/Records/7333EDB948684FA7C50F9894ED5F21A0F9234708/Resource/36FE931166008B934A0F53CCACC7B5E89EFE38BD"
?? "Library/Containers/com.apple.Safari/Data/Library/Caches/com.apple.Safari/WebKitCache/Version 17/Records/7333EDB948684FA7C50F9894ED5F21A0F9234708/Resource/5D936E375A437B2D57B6BBFE0D1584E348783897"
?? "Library/Containers/com.apple.Safari/Data/Library/Caches/com.apple.Safari/WebKitCache/Version 17/Records/7333EDB948684FA7C50F9894ED5F21A0F9234708/Resource/72F1ADDA103F0A767CCC5CC62CFBCCE26C2A359D"
?? "Library/Containers/com.apple.Safari/Data/Library/Caches/com.apple.Safari/WebKitCache/Version 17/Records/7333EDB948684FA7C50F9894ED5F21A0F9234708/Resource/8753B01B7B275903C6BA5C394ACCDA4E75138C14"
?? "Library/Containers/com.apple.Safari/Data/Library/Caches/com.apple.Safari/WebKitCache/Version 17/Records/7333EDB948684FA7C50F9894ED5F21A0F9234708/Resource/E3BBC463E7E1B3F12A6B4D38131448EB56B60275"
?? "Library/Containers/com.apple.Safari/Data/Library/Caches/com.apple.Safari/WebKitCache/Version 17/Records/7333EDB948684FA7C50F9894ED5F21A0F9234708/Resource/E3BBC463E7E1B3F12A6B4D38131448EB56B60275-blob"
?? "Library/Containers/com.apple.Safari/Data/Library/Caches/com.apple.Safari/WebKitCache/Version 17/Records/7333EDB948684FA7C50F9894ED5F21A0F9234708/Resource/F973A8FE81EA6D4E6573E1602637A2E5FD062294"
?? "Library/Group Containers/group.com.apple.PegasusConfiguration/rawSessions/session.503.969E8284-75D1-42ED-A922-48B3E7BA9191.open"
?? "Library/Group Containers/group.net.whatsapp.WhatsApp.shared/FieldStats2/WhatsApp/wam-a/wam-a-1-0-6100"
Resolve filename casing inconsistencies before proceeding. Learn more: https://expo.fyi/macos-ignorecase
    Error: build command failed.
